// Jest Snapshot v1, https://goo.gl/fbAQLP

exports[`Introspects airbnb/mysql correctly 1`] = `
"type User {
  id: ID! @id
  createdAt: DateTime! @createdAt
  updatedAt: DateTime! @updatedAt
  firstName: String!
  lastName: String!
  email: String! @unique
  password: String!
  phone: String!
  responseRate: Float
  responseTime: Int
  isSuperHost: Boolean! @default(value: false)
  ownedPlaces: [Place] @relation(link: TABLE)
  location: Location @relation(link: TABLE)
  bookings: [Booking] @relation(link: TABLE)
  paymentAccount: [PaymentAccount] @relation(link: TABLE)
  sentMessages: [Message] @relation(name: \\"SentMessages\\")
  receivedMessages: [Message] @relation(name: \\"ReceivedMessages\\")
  notifications: [Notification] @relation(link: TABLE)
  profilePicture: Picture @relation(link: TABLE)
  hostingExperiences: [Experience] @relation(link: TABLE)
}

type Place {
  id: ID! @id
  name: String
  size: PLACE_SIZES
  shortDescription: String!
  description: String!
  slug: String!
  maxGuests: Int!
  numBedrooms: Int!
  numBeds: Int!
  numBaths: Int!
  reviews: [Review] @relation(link: TABLE)
  amenities: Amenities! @relation(link: TABLE)
  host: User! @relation(link: TABLE)
  pricing: Pricing! @relation(link: TABLE)
  location: Location! @relation(link: TABLE)
  views: Views! @relation(link: TABLE)
  guestRequirements: GuestRequirements @relation(link: TABLE)
  policies: Policies @relation(link: TABLE)
  houseRules: HouseRules @relation(link: TABLE)
  bookings: [Booking] @relation(link: TABLE)
  pictures: [Picture]
  popularity: Int!
}

type Pricing {
  id: ID! @id
  place: Place! @relation(link: TABLE)
  monthlyDiscount: Int
  weeklyDiscount: Int
  perNight: Int!
  smartPricing: Boolean! @default(value: false)
  basePrice: Int!
  averageWeekly: Int!
  averageMonthly: Int!
  cleaningFee: Int
  securityDeposit: Int
  extraGuests: Int
  weekendPricing: Int
  currency: CURRENCY
}

type GuestRequirements {
  id: ID! @id
  govIssuedId: Boolean! @default(value: false)
  recommendationsFromOtherHosts: Boolean! @default(value: false)
  guestTripInformation: Boolean! @default(value: false)
  place: Place! @relation(link: TABLE)
}

type Policies {
  id: ID! @id
  createdAt: DateTime! @createdAt
  updatedAt: DateTime! @updatedAt
  checkInStartTime: Float!
  checkInEndTime: Float!
  checkoutTime: Float!
  place: Place! @relation(link: TABLE)
}

type HouseRules {
  id: ID! @id
  createdAt: DateTime! @createdAt
  updatedAt: DateTime! @updatedAt
  suitableForChildren: Boolean
  suitableForInfants: Boolean
  petsAllowed: Boolean
  smokingAllowed: Boolean
  partiesAndEventsAllowed: Boolean
  additionalRules: String
}

type Views {
  id: ID! @id
  lastWeek: Int!
  place: Place! @relation(link: TABLE)
}

type Location {
  id: ID! @id
  lat: Float!
  lng: Float!
  neighbourHood: Neighbourhood @relation(link: TABLE)
  user: User @relation(link: TABLE)
  place: Place @relation(link: TABLE)
  address: String
  directions: String
  experience: Experience @relation(link: TABLE)
  restaurant: Restaurant @relation(link: TABLE)
}

type Neighbourhood {
  id: ID! @id
  locations: [Location] @relation(link: TABLE)
  name: String!
  slug: String!
  homePreview: Picture @relation(link: TABLE)
  city: City! @relation(link: TABLE)
  featured: Boolean!
  popularity: Int!
}

type City {
  id: ID! @id
  name: String!
  neighbourhoods: [Neighbourhood] @relation(link: TABLE)
}

type Picture {
  url: String!
}

type Experience {
  id: ID! @id
  category: ExperienceCategory @relation(link: TABLE)
  title: String!
  host: User! @relation(link: TABLE)
  location: Location! @relation(link: TABLE)
  pricePerPerson: Int!
  reviews: [Review] @relation(link: TABLE)
  preview: Picture! @relation(link: TABLE)
  popularity: Int!
}

type ExperienceCategory {
  id: ID! @id
  mainColor: String! @default(value: \\"#123456\\")
  name: String!
  experience: Experience @relation(link: TABLE)
}

type Amenities {
  id: ID! @id
  place: Place! @relation(link: TABLE)
  elevator: Boolean! @default(value: false)
  petsAllowed: Boolean! @default(value: false)
  internet: Boolean! @default(value: false)
  kitchen: Boolean! @default(value: false)
  wirelessInternet: Boolean! @default(value: false)
  familyKidFriendly: Boolean! @default(value: false)
  freeParkingOnPremises: Boolean! @default(value: false)
  hotTub: Boolean! @default(value: false)
  pool: Boolean! @default(value: false)
  smokingAllowed: Boolean! @default(value: false)
  wheelchairAccessible: Boolean! @default(value: false)
  breakfast: Boolean! @default(value: false)
  cableTv: Boolean! @default(value: false)
  suitableForEvents: Boolean! @default(value: false)
  dryer: Boolean! @default(value: false)
  washer: Boolean! @default(value: false)
  indoorFireplace: Boolean! @default(value: false)
  tv: Boolean! @default(value: false)
  heating: Boolean! @default(value: false)
  hangers: Boolean! @default(value: false)
  iron: Boolean! @default(value: false)
  hairDryer: Boolean! @default(value: false)
  doorman: Boolean! @default(value: false)
  paidParkingOffPremises: Boolean! @default(value: false)
  freeParkingOnStreet: Boolean! @default(value: false)
  gym: Boolean! @default(value: false)
  airConditioning: Boolean! @default(value: false)
  shampoo: Boolean! @default(value: false)
  essentials: Boolean! @default(value: false)
  laptopFriendlyWorkspace: Boolean! @default(value: false)
  privateEntrance: Boolean! @default(value: false)
  buzzerWirelessIntercom: Boolean! @default(value: false)
  babyBath: Boolean! @default(value: false)
  babyMonitor: Boolean! @default(value: false)
  babysitterRecommendations: Boolean! @default(value: false)
  bathtub: Boolean! @default(value: false)
  changingTable: Boolean! @default(value: false)
  childrensBooksAndToys: Boolean! @default(value: false)
  childrensDinnerware: Boolean! @default(value: false)
  crib: Boolean! @default(value: false)
}

type Review {
  id: ID! @id
  createdAt: DateTime! @createdAt
  text: String!
  stars: Int!
  accuracy: Int!
  location: Int!
  checkIn: Int!
  value: Int!
  cleanliness: Int!
  communication: Int!
  place: Place! @relation(link: TABLE)
  experience: Experience @relation(link: TABLE)
}

type Booking {
  id: ID! @id
  createdAt: DateTime! @createdAt
  bookee: User! @relation(link: TABLE)
  place: Place! @relation(link: TABLE)
  startDate: DateTime!
  endDate: DateTime!
  payment: Payment! @relation(link: TABLE)
}

type Payment {
  id: ID! @id
  createdAt: DateTime! @createdAt
  serviceFee: Float!
  placePrice: Float!
  totalPrice: Float!
  booking: Booking! @relation(link: TABLE)
  paymentMethod: PaymentAccount! @relation(link: TABLE)
}

type PaymentAccount {
  id: ID! @id
  createdAt: DateTime! @createdAt
  type: PAYMENT_PROVIDER
  user: User! @relation(link: TABLE)
  payments: [Payment] @relation(link: TABLE)
  paypal: PaypalInformation @relation(link: TABLE)
  creditcard: CreditCardInformation @relation(link: TABLE)
}

type PaypalInformation {
  id: ID! @id
  createdAt: DateTime! @createdAt
  email: String!
  paymentAccount: PaymentAccount! @relation(link: TABLE)
}

type CreditCardInformation {
  id: ID! @id
  createdAt: DateTime! @createdAt
  cardNumber: String!
  expiresOnMonth: Int!
  expiresOnYear: Int!
  securityCode: String!
  firstName: String!
  lastName: String!
  postalCode: String!
  country: String!
  paymentAccount: PaymentAccount @relation(link: TABLE)
}

type Message {
  id: ID! @id
  createdAt: DateTime! @createdAt
  from: User! @relation(name: \\"SentMessages\\")
  to: User! @relation(name: \\"ReceivedMessages\\")
  deliveredAt: DateTime!
  readAt: DateTime!
}

type Notification {
  id: ID! @id
  createdAt: DateTime! @createdAt
  type: NOTIFICATION_TYPE
  user: User! @relation(link: TABLE)
  link: String!
  readDate: DateTime!
}

type Restaurant {
  id: ID! @id
  createdAt: DateTime! @createdAt
  title: String!
  avgPricePerPerson: Int!
  pictures: [Picture]
  location: Location! @relation(link: TABLE)
  isCurated: Boolean! @default(value: true)
  slug: String!
  popularity: Int!
}

enum CURRENCY {
  CAD
  CHF
  EUR
  JPY
  USD
  ZAR
}

enum PLACE_SIZES {
  ENTIRE_HOUSE
  ENTIRE_APARTMENT
  ENTIRE_EARTH_HOUSE
  ENTIRE_CABIN
  ENTIRE_VILLA
  ENTIRE_PLACE
  ENTIRE_BOAT
  PRIVATE_ROOM
}

enum PAYMENT_PROVIDER {
  PAYPAL
  CREDIT_CARD
}

enum NOTIFICATION_TYPE {
  OFFER
  INSTANT_BOOK
  RESPONSIVENESS
  NEW_AMENITIES
  HOUSE_RULES
}"
`;

exports[`Introspects defaultValue/mysql correctly 1`] = `
"type A {
  a: Int @default(value: 10) @unique
  b: Int! @default(value: 10)
  c: String! @unique
  d: String @default(value: \\"Hello\\")
}

type AWithId {
  id: ID! @id
  a: Int @default(value: 10) @unique
  b: Int! @default(value: 10)
  c: String! @unique
  d: String @default(value: \\"Hello\\")
  b2: B! @relation(link: TABLE)
}

type B {
  a: [A]
  a2: AWithId @relation(link: TABLE)
}"
`;

exports[`Introspects embedded/mysql correctly 1`] = `
"type Parent {
  id: ID! @id
  p: String @unique
  children: [Child]
  j: [Joint]
}

type Child {
  c: String @unique
  friendsOpt: [Friend]
  jointOpt: Joint! @relation(link: TABLE)
}

type Friend {
  f: String @unique
  test: String
}

type Joint {
  id: ID! @id
  j: String
}"
`;

exports[`Introspects emptyTypes/mysql correctly 1`] = `
"type OnlyId {
  id: ID! @id
}

type OnlyIdAndARelation {
  id: ID! @id
  ref: OnlyId! @relation(link: TABLE)
}

type OnlyIdAndARelation2 {
  id: ID! @id
  ref: OnlyId @relation(link: TABLE)
}

type OnlyDate {
  createdAt: DateTime! @createdAt
}

type OnlyRelation {
  ref: [OnlyDate]
}

type OnlyRelationA {
  ref: OnlyRelationA! @relation(link: TABLE)
}

type OnlyRelationB {
  ref: OnlyRelationB @relation(link: TABLE)
}"
`;

exports[`Introspects enum/mysql correctly 1`] = `
"enum UsedEnum {
  A
  B
  C
  D
}

enum UnusedEnum {
  X
  Y
  Z
}

type A {
  fieldA: UsedEnum
  fieldB: UsedEnum!
  fieldC: [UsedEnum]
  b: B! @relation(link: TABLE)
}

type AWithId {
  id: ID! @id
  fieldA: UsedEnum
  fieldB: UsedEnum!
  fieldC: [UsedEnum]
  c: C @relation(link: TABLE)
}

type B {
  field: String!
  a: [A] @relation(link: TABLE)
}

type C {
  field: [Int]
  a: AWithId! @relation(link: TABLE)
}

type D {
  field: [DateTime]
  a: AWithId! @relation(link: TABLE)
}

type E {
  field: Json
  a: [A]
}"
`;

exports[`Introspects financial/mysql correctly 1`] = `
"type User {
  id: ID! @id
  person: Person! @relation(link: TABLE)
}

type Person {
  id: ID! @id
  email: String
  firstName: String
  lastName: String
  phoneNumbers: [PhoneNumber]
  scheduledTransactions: [FinancialScheduledTransaction] @relation(link: TABLE)
  transactions: [FinancialTransaction] @relation(link: TABLE)
  user: User @relation(link: TABLE)
}

type PhoneNumber {
  id: ID! @id
  number: String!
}

type FinancialAccount {
  id: ID! @id
  key: String @unique
  campuses: [Campus]
  description: String!
  isActive: Boolean!
  name: String
}

enum CREDIT_CARD {
  VISA
  MASTERCARD
  AMEX
  DISCOVER
}

enum CURRENCY_TYPE {
  ACH
  CC
}

enum ACH_TYPE {
  SAVINGS
  CHECKING
}

type FinancialPaymentDetail {
  id: ID! @id
  accountNumberMasked: String!
  billingLocation: Location @relation(link: TABLE)
  creditCardType: CREDIT_CARD
  achType: ACH_TYPE
  currencyType: CURRENCY_TYPE
  expirationDate: DateTime!
  nameOnCard: String
}

enum TRANSACTION_FREQUENCY {
  DAILY
  MONTHLY
  BIWEEKLY
  CUSTOM
}

type FinancialScheduledTransaction {
  id: ID! @id
  person: Person @relation(link: TABLE)
  endDate: DateTime
  payment: FinancialPaymentDetail @relation(link: TABLE)
  isActive: Boolean!
  startDate: DateTime
  frequency: TRANSACTION_FREQUENCY
  transactions: [FinancialTransaction] @relation(link: TABLE)
  account: FinancialAccount @relation(link: TABLE)
  amount: Float!
}

enum TRANSACTION_STATUS {
  PENDING
  SUCCESS
  FAILED
}

type FinancialTransaction {
  id: ID! @id
  payment: FinancialPaymentDetail @relation(link: TABLE)
  person: Person @relation(link: TABLE)
  processedDate: DateTime
  scheduledTransaction: FinancialScheduledTransaction @relation(link: TABLE)
  status: TRANSACTION_STATUS!
  transactionDate: DateTime
  amount: Float!
  account: FinancialAccount @relation(link: TABLE)
  organization: Group! @relation(link: TABLE)
}

enum GROUP_INVITE_STATUS {
  PENDING
  JOINED
}

enum GROUP_ROLE_TYPE {
  ADMIN
  OWNER
  MEMBER
}

type GroupInvite {
  id: ID! @id
  email: String!
  group: Group! @relation(link: TABLE)
  groupRole: GroupRole @relation(link: TABLE)
  status: GROUP_INVITE_STATUS!
}

type GroupMember {
  id: ID! @id
  group: Group @relation(link: TABLE)
  role: GroupRole @relation(link: TABLE)
  person: Person @relation(link: TABLE)
}

type GroupRole {
  id: ID! @id
  canEdit: Boolean!
  canView: Boolean!
  description: String!
  groupType: GroupType @relation(link: TABLE)
  isLeader: Boolean
  name: String! @unique
  type: GROUP_ROLE_TYPE
}

type GroupType {
  id: ID! @id
  description: String
  groups: [Group] @relation(link: TABLE)
  name: String! @unique
  roles: [GroupRole] @relation(link: TABLE)
}

type Group {
  id: ID! @id
  key: String @unique
  description: String
  type: GroupType! @relation(link: TABLE)
  invites: [GroupInvite] @relation(link: TABLE)
  isActive: Boolean!
  members: [GroupMember] @relation(link: TABLE)
  name: String!
  organization: Group @relation(link: TABLE)
}

type Campus {
  id: ID! @id
  accounts: [FinancialAccount]
  description: String
  isActive: Boolean
  organization: Group @relation(link: TABLE)
  location: Location @relation(link: TABLE)
  name: String!
  phoneNumbers: [PhoneNumber]
}

enum LOCATION_TYPE {
  HOME
  WORK
}

type Location {
  id: ID! @id
  city: String
  locationType: LOCATION_TYPE
  postalCode: String
  state: String
  street1: String
  street2: String
}"
`;

exports[`Introspects flavian/mysql correctly 1`] = `
"type User {
  id: ID! @id
  email: String! @unique
  name: String
  posts: [Post] @relation(link: TABLE)
}

type Post {
  id: ID! @id
  createdAt: DateTime! @createdAt
  updatedAt: DateTime! @updatedAt
  published: Boolean! @default(value: false)
  title: String!
  content: String
  author: User! @relation(link: TABLE)
}"
`;

exports[`Introspects meshRelation/mysql correctly 1`] = `
"type A {
  field: Int!
  a: A! @relation(link: TABLE)
  b: [B] @relation(link: TABLE)
  c: C @relation(link: TABLE)
  e: [E] @relation(link: TABLE)
}

type B {
  field: [String]
  c: C @relation(name: \\"BToC\\")
  b: [B]
  a: A! @relation(link: TABLE)
  c2: C @relation(name: \\"BToC2\\")
}

type C {
  expirationDate: DateTime
  c: C! @relation(link: TABLE)
  b: [B] @relation(name: \\"BToC\\")
  a: A @relation(link: TABLE)
  b2: B @relation(name: \\"BToC2\\")
}

type D {
  field: Json
  c: C! @relation(link: TABLE)
  b: B! @relation(link: TABLE)
  a: A! @relation(link: TABLE)
  d: [D]
}

type E {
  field: Json
  a: A! @relation(link: TABLE)
}"
`;

exports[`Introspects oneSidedConnection/mysql correctly 1`] = `
"type TypeWithId {
  id: ID! @id
  field: String!
}

type TypeWithoutId {
  field: String!
}

type A {
  x: TypeWithId! @relation(link: TABLE)
  y: TypeWithoutId! @relation(link: TABLE)
}

type B {
  x: TypeWithId @relation(link: TABLE)
  y: TypeWithoutId @relation(link: TABLE)
}

type C {
  x: [TypeWithId]
  y: [TypeWithoutId]
}

type D {
  id: ID! @id
  x: TypeWithId! @relation(link: TABLE)
  y: TypeWithoutId! @relation(link: TABLE)
}

type E {
  id: ID! @id
  x: TypeWithId @relation(link: TABLE)
  y: TypeWithoutId @relation(link: TABLE)
}

type F {
  id: ID! @id
  x: [TypeWithId]
  y: [TypeWithoutId]
}"
`;

exports[`Introspects prisma-3143/mysql correctly 1`] = `
"type Story {
  id: ID! @id
}

type UserSpace {
  id: ID! @id
  stories: [Story] @relation(name: \\"StoriesByUserSpace\\")
}"
`;

exports[`Introspects relationNames/mysql correctly 1`] = `
"type A {
  toB: B! @relation(name: \\"RaToB\\")
  toB2: B! @relation(name: \\"RaToB2\\")
  toC: C @relation(link: TABLE)
}

type B {
  toA: A! @relation(name: \\"RaToB\\")
  toA2: A! @relation(name: \\"RaToB2\\")
  toC: C! @relation(link: TABLE)
}

type C {
  toB: [B] @relation(link: TABLE)
  toA: [A] @relation(link: TABLE)
}"
`;

exports[`Introspects relations/mysql correctly 1`] = `
"type User {
  id: ID! @id
  name: String!
  posts: [Post] @relation(name: \\"PostsByUser\\")
  postsWithoutConnection: [PostWithoutConnection]
  billingInfo: BillingInfo! @relation(link: TABLE)
  billingInfoWithoutConnection: BillingInfoWithoutConnection! @relation(link: TABLE)
  likes: [Post] @relation(name: \\"LikesByUser\\")
  optionalDetails: OptionalDetails @relation(link: TABLE)
  optionalDetailsWithoutConnection: OptionalDetailsWithoutConnection @relation(link: TABLE)
}

type Post {
  id: ID! @id
  text: String!
  count: Int!
  user: User! @relation(name: \\"PostsByUser\\")
  likes: [User] @relation(name: \\"LikesByUser\\")
}

type PostWithoutConnection {
  id: ID! @id
  text: String!
  count: Int!
}

type BillingInfo {
  id: ID! @id
  account: String!
  user: User! @relation(link: TABLE)
}

type BillingInfoWithoutConnection {
  account: String!
}

type OptionalDetails {
  text: String!
  user: User! @relation(link: TABLE)
}

type OptionalDetailsWithoutConnection {
  text: String!
}"
`;

exports[`Introspects scalars/mysql correctly 1`] = `
"type LotsOfScalars {
  int: Int
  string: String
  float: Float
  dateTime: DateTime
  json: Json
  boolean: Boolean
}

type LotsOfRequiredScalars {
  int: Int!
  string: String!
  float: Float!
  dateTime: DateTime!
  json: Json!
  boolean: Boolean!
}

type LotsOfScalarLists {
  int: [Int]
  string: [String]
  float: [Float]
  dateTime: [DateTime]
  json: [Json]
  boolean: [Boolean]
}

type LotsOfScalarsWithID {
  id: ID! @id
  int: Int
  string: String
  float: Float
  dateTime: DateTime
  json: Json
  boolean: Boolean
}

type LotsOfRequiredScalarsWithID {
  id: ID! @id
  int: Int!
  string: String!
  float: Float!
  dateTime: DateTime!
  json: Json!
  boolean: Boolean!
}

type LotsOfScalarListsWithID {
  id: ID! @id
  int: [Int]
  string: [String]
  float: [Float]
  dateTime: [DateTime]
  json: [Json]
  boolean: [Boolean]
}"
`;

exports[`Introspects selfReferencing/mysql correctly 1`] = `
"type SelfReferencingAWithId {
  id: ID! @id
  a: SelfReferencingAWithId! @relation(link: TABLE)
  field: Int!
}

type SelfReferencingBWithId {
  id: ID! @id
  a: SelfReferencingBWithId @relation(link: TABLE)
  field: Int!
}

type SelfReferencingCWithId {
  id: ID! @id
  a: [SelfReferencingBWithId]
  field: Int!
}

type SelfReferencingA {
  id: ID! @id
  a: SelfReferencingAWithId! @relation(link: TABLE)
  field: Int!
}

type SelfReferencingB {
  id: ID! @id
  a: SelfReferencingB @relation(link: TABLE)
  field: Int!
}

type SelfReferencingC {
  id: ID! @id
  a: [SelfReferencingC]
  field: Int!
}

type MultiSelfReferencingCWithId {
  id: ID! @id
  a: [MultiSelfReferencingCWithId] @relation(name: \\"WithIdAToA\\")
  b: [MultiSelfReferencingCWithId] @relation(name: \\"WithIdAToA\\")
}

type MultiSelfReferencingBWithId {
  id: ID! @id
  a: MultiSelfReferencingBWithId @relation(name: \\"WithIdAToA2\\")
  b: MultiSelfReferencingBWithId @relation(name: \\"WithIdAToA2\\")
}

type MultiSelfReferencingC {
  a: [MultiSelfReferencingC] @relation(name: \\"AToA\\")
  b: [MultiSelfReferencingC] @relation(name: \\"AToA\\")
}

type MultiSelfReferencingB {
  a: MultiSelfReferencingB @relation(name: \\"AToA2\\")
  b: MultiSelfReferencingB @relation(name: \\"AToA2\\")
}"
`;

exports[`Introspects simple/mysql correctly 1`] = `
"type User {
  id: ID! @id
  name: String!
}"
`;

exports[`Introspects todo/mysql correctly 1`] = `
"type Todo {
  id: ID! @id
  text: String!
  done: Boolean!
  user: User! @relation(link: TABLE)
}

type User {
  id: ID! @id
  name: String!
}"
`;

exports[`Introspects twoSidedConnection/mysql correctly 1`] = `
"type AWithIdWithA {
  id: ID! @id
  field: String!
  x: AWithA! @relation(link: TABLE)
}

type AWithoutIdWithA {
  field: String!
  x: AWithA! @relation(link: TABLE)
}

type BWithIdWithA {
  id: ID! @id
  field: String!
  x: AWithB @relation(link: TABLE)
}

type BWithoutIdWithA {
  field: String!
  x: AWithB @relation(link: TABLE)
}

type CWithIdWithA {
  id: ID! @id
  field: String!
  x: [AWithC] @relation(link: TABLE)
}

type CWithoutIdWithA {
  field: String!
  x: [AWithC] @relation(link: TABLE)
}

type AWithIdWithB {
  id: ID! @id
  field: String!
  x: BWithA! @relation(link: TABLE)
}

type AWithoutIdWithB {
  field: String!
  x: BWithA! @relation(link: TABLE)
}

type BWithIdWithB {
  id: ID! @id
  field: String!
  x: BWithB @relation(link: TABLE)
}

type BWithoutIdWithB {
  field: String!
  x: BWithB @relation(link: TABLE)
}

type CWithIdWithB {
  id: ID! @id
  field: String!
  x: [BWithC] @relation(link: TABLE)
}

type CWithoutIdWithB {
  field: String!
  x: [BWithC] @relation(link: TABLE)
}

type AWithIdWithC {
  id: ID! @id
  field: String!
  x: CWithA! @relation(link: TABLE)
}

type AWithoutIdWithC {
  field: String!
  x: CWithA! @relation(link: TABLE)
}

type BWithIdWithC {
  id: ID! @id
  field: String!
  x: CWithB @relation(link: TABLE)
}

type BWithoutIdWithC {
  field: String!
  x: CWithB @relation(link: TABLE)
}

type CWithIdWithC {
  id: ID! @id
  field: String!
  x: [CWithC]
}

type CWithoutIdWithC {
  field: String!
  x: [CWithC]
}

type AWithA {
  x: AWithIdWithA! @relation(link: TABLE)
  y: AWithoutIdWithA! @relation(link: TABLE)
}

type AWithB {
  x: BWithIdWithA! @relation(link: TABLE)
  y: BWithoutIdWithA! @relation(link: TABLE)
}

type AWithC {
  x: CWithIdWithA! @relation(link: TABLE)
  y: CWithoutIdWithA! @relation(link: TABLE)
}

type BWithA {
  x: AWithIdWithB @relation(link: TABLE)
  y: AWithoutIdWithB @relation(link: TABLE)
}

type BWithB {
  x: BWithIdWithB @relation(link: TABLE)
  y: BWithoutIdWithB @relation(link: TABLE)
}

type BWithC {
  x: CWithIdWithB @relation(link: TABLE)
  y: CWithoutIdWithB @relation(link: TABLE)
}

type CWithA {
  x: [AWithIdWithC] @relation(link: TABLE)
  y: [AWithoutIdWithC] @relation(link: TABLE)
}

type CWithB {
  x: [BWithIdWithC] @relation(link: TABLE)
  y: [BWithoutIdWithC] @relation(link: TABLE)
}

type CWithC {
  x: [CWithIdWithC]
  y: [CWithoutIdWithC]
}"
`;

exports[`Introspects withAndWithoutId/mysql correctly 1`] = `
"type TypeWithId {
  id: ID! @id
  field: String!
}

type TypeWithoutId {
  field: String!
}"
`;
