// Jest Snapshot v1, https://goo.gl/fbAQLP

exports[`Introspector large example database 1`] = `
"type Track @pgTable(name: \\"Track\\") {
  UnitPrice: Float!
  PlaylistTracks: [PlaylistTrack!]!
  Name: String!
  Milliseconds: Int!
  MediaType: MediaType @pgRelation(column: \\"MediaTypeId\\")
  InvoiceLines: [InvoiceLine!]!
  id: Int! @unique @pgColumn(name: \\"TrackId\\")
  Genre: Genre @pgRelation(column: \\"GenreId\\")
  Composer: String
  Bytes: Int
  Album: Album @pgRelation(column: \\"AlbumId\\")
}

type PlaylistTrack @pgTable(name: \\"PlaylistTrack\\") {
  Track: Track @pgRelation(column: \\"TrackId\\")
  Playlist: Playlist @pgRelation(column: \\"PlaylistId\\")
}

type Playlist @pgTable(name: \\"Playlist\\") {
  PlaylistTracks: [PlaylistTrack!]!
  Name: String
  id: Int! @unique @pgColumn(name: \\"PlaylistId\\")
}

type MediaType @pgTable(name: \\"MediaType\\") {
  Tracks: [Track!]!
  Name: String
  id: Int! @unique @pgColumn(name: \\"MediaTypeId\\")
}

type InvoiceLine @pgTable(name: \\"InvoiceLine\\") {
  UnitPrice: Float!
  Track: Track @pgRelation(column: \\"TrackId\\")
  Quantity: Int!
  Invoice: Invoice @pgRelation(column: \\"InvoiceId\\")
  id: Int! @unique @pgColumn(name: \\"InvoiceLineId\\")
}

type Invoice @pgTable(name: \\"Invoice\\") {
  Total: Float!
  InvoiceLines: [InvoiceLine!]!
  InvoiceDate: DateTime!
  id: Int! @unique @pgColumn(name: \\"InvoiceId\\")
  Customer: Customer @pgRelation(column: \\"CustomerId\\")
  BillingState: String
  BillingPostalCode: String
  BillingCountry: String
  BillingCity: String
  BillingAddress: String
}

type Genre @pgTable(name: \\"Genre\\") {
  Tracks: [Track!]!
  Name: String
  id: Int! @unique @pgColumn(name: \\"GenreId\\")
}

type Employee @pgTable(name: \\"Employee\\") {
  Title: String
  State: String
  ReportsTo: Employee @relation(name: employees_ReportsToes) @pgRelation(column: \\"ReportsTo\\")
  PostalCode: String
  Phone: String
  LastName: String!
  id: Int! @unique @pgColumn(name: \\"EmployeeId\\")
  HireDate: DateTime
  FirstName: String!
  Fax: String
  Employees: [Employee!]! @relation(name: employees)
  Email: String
  Customers: [Customer!]!
  Country: String
  City: String
  BirthDate: DateTime
  Address: String
}

type Customer @pgTable(name: \\"Customer\\") {
  SupportRep: Employee @pgRelation(column: \\"SupportRepId\\")
  State: String
  PostalCode: String
  Phone: String
  LastName: String!
  Invoices: [Invoice!]!
  id: Int! @unique @pgColumn(name: \\"CustomerId\\")
  FirstName: String!
  Fax: String
  Email: String!
  Country: String
  Company: String
  City: String
  Address: String
}

type Artist @pgTable(name: \\"Artist\\") {
  Name: String
  id: Int! @unique @pgColumn(name: \\"ArtistId\\")
  Albums: [Album!]!
}

type Album @pgTable(name: \\"Album\\") {
  Tracks: [Track!]!
  Title: String!
  id: Int! @unique @pgColumn(name: \\"AlbumId\\")
  Artist: Artist @pgRelation(column: \\"ArtistId\\")
}"
`;
