// Jest Snapshot v1, https://goo.gl/fbAQLP

exports[`Introspector DateTime columns 1`] = `
"type Booleans @pgTable(name: \\"Booleans\\") {
  c: DateTime!
  b: DateTime!
  a: DateTime
}"
`;

exports[`Introspector Json columns 1`] = `
"type Booleans @pgTable(name: \\"Booleans\\") {
  b: Json!
  a: Json
}"
`;

exports[`Introspector Unmapped columns 1`] = `
"# type Unmapped @pgTable(name: \\"Unmapped\\") {
  # Type 'ARRAY' is not yet supported.
  # d: <Unknown>
  # Type 'tsvector' is not yet supported.
  # c: <Unknown>
  # Type 'jsonb' is not yet supported.
  # a: <Unknown>
# }"
`;

exports[`Introspector boolean columns 1`] = `
"type Booleans @pgTable(name: \\"Booleans\\") {
  b: Boolean!
  a: Boolean
}"
`;

exports[`Introspector float columns 1`] = `
"type Floats @pgTable(name: \\"Floats\\") {
  j: Float!
  i: Float
  h: Float!
  g: Float!
  f: Float!
  e: Float!
  d: Float
  c: Float
  b: Float
  a: Float @default(value: 3.4)
}"
`;

exports[`Introspector int columns 1`] = `
"type Ints @pgTable(name: \\"Ints\\") {
  f: Int!
  e: Int!
  d: Int!
  c: Int
  b: Int
  a: Int @default(value: 3)
}"
`;

exports[`Introspector text columns 1`] = `
"type Strings @pgTable(name: \\"Strings\\") {
  id: ID! @unique @pgColumn(name: \\"pk\\")
  h: UUID!
  g: UUID
  f: String!
  e: String!
  d: String!
  cc: String! @default(value: \\"abc\\")
  c: String @default(value: \\"abc\\")
  b: String @unique
  aa: String! @unique
  a: String @unique
}"
`;

exports[`Introspector uuid columns 1`] = `
"type UUIDs @pgTable(name: \\"UUIDs\\") {
  tk: UUID
  nk: UUID!
  id: UUID! @unique @pgColumn(name: \\"pk\\")
}"
`;
