// Jest Snapshot v1, https://goo.gl/fbAQLP

exports[`Introspector test schema - 2504 1`] = `
"type Employee {
  Address: String
  BirthDate: DateTime
  City: String
  Country: String
  Email: String
  Fax: String
  FirstName: String!
  HireDate: DateTime
  id: Int! @pgColumn(name: \\"EmployeeId\\")
  LastName: String!
  Phone: String
  PostalCode: String
  ReportsTo: Employee
  State: String
  Title: String
}"
`;
